BELLHOP F2CPP

Munk profile, Cartesian Cerveny beams, standard baseline
frequency = 50 Hz
Coherent TL calculation
Cartesian beams
Point source (cylindrical coordinates)
Rectilinear receiver grid
VACUUM sea surface
ACOUSTO-ELASTIC half-space seabed
launch angles = 1000
receiver depths = 201
receiver ranges = 501
step length = 500 m
range limit = 101000 m
depth limit = 5500 m

ray count = 1000
ray point count = 337079
ray cache bytes = 62718712
Trace seconds = 0.059580458000000003
Project seconds = 0.003579107999999994
Influence seconds = 2.3636794560000007
Scale seconds = 0.0041617920000000001
SHD seconds = 0.0028631249999999998
Bellhop F2CPP completed successfully
